
> rechrome-portfolio@1.0.0 build
> next build

node.exe :  ΓÜá 
Warning: Next.js 
inferred your 
workspace root, but 
it may not be 
correct.
At line:1 char:1
+ & "C:\Program Files
\nodejs/node.exe" "C:
\Users\sharm\AppData\
Roaming\ ...
+ ~~~~~~~~~~~~~~~~~~~
~~~~~~~~~~~~~~~~~~~~~
~~~~~~~~~~~~~~~~~~~~~
~~~~~~~~
    + CategoryInfo   
           : NotSpe  
  cified: ( ΓÜá Wa   
 rning: N...not b    
e correct.:Strin    
g) [], RemoteExc    
eption
    + FullyQualified 
   ErrorId : Native  
  CommandError
 
 We detected 
multiple lockfiles 
and selected the 
directory of C:\Users
\sharm\package-lock.j
son as the root 
directory.
 To silence this 
warning, set `outputF
ileTracingRoot` in 
your Next.js config, 
or consider removing 
one of the lockfiles 
if it's not needed.
   See https://nextjs
.org/docs/app/api-ref
erence/config/next-co
nfig-js/output#caveat
s for more 
information.
 Detected additional 
lockfiles: 
   * C:\Users\sharm\O
neDrive\Desktop\Rechr
ome - Home_files\port
folio-design-website\
package-lock.json

   Γû▓ Next.js 15.5.6
   - Environments: .env.local

   Creating an optimized production build ...
 Γ£ô Compiled successfully in 13.8s
   Linting and checking validity of types ...
Failed to compile.

./app/admin/portfolio
/[id]/page.tsx:17:59
Type error: 'params' 
is possibly 'null'.

[0m [90m 15 |[39m 
        
[36mconst[39m 
fetchPortfolio 
[33m=[39m 
[36masync[39m () 
[33m=>[39m {
 [90m 16 |[39m     
        
[36mtry[39m {
[31m[1m>[22m[39m
[90m 17 |[39m       
          
[36mconst[39m res 
[33m=[39m 
[36mawait[39m fetch
([32m`/api/portfolio
/${params.id}`[39m)
[33m;[39m
 [90m    |[39m     
                     
                     
            
[31m[1m^[22m[39m
 [90m 18 |[39m     
            
[36mif[39m 
(res[33m.[39mok) {
 [90m 19 |[39m     
                
[36mconst[39m data 
[33m=[39m 
[36mawait[39m res[
33m.[39mjson()[33m;
[39m
 [90m 20 |[39m     
                setPo
rtfolio(data)[33m;[
39m[0m
Next.js build worker 
exited with code: 1 
and signal: null
