
> rechrome-portfolio@1.0.0 build
> next build

node.exe :  ΓÜá 
Warning: Next.js 
inferred your 
workspace root, but 
it may not be 
correct.
At line:1 char:1
+ & "C:\Program Files
\nodejs/node.exe" "C:
\Users\sharm\AppData\
Roaming\ ...
+ ~~~~~~~~~~~~~~~~~~~
~~~~~~~~~~~~~~~~~~~~~
~~~~~~~~~~~~~~~~~~~~~
~~~~~~~~
    + CategoryInfo   
           : NotSpe  
  cified: ( ΓÜá Wa   
 rning: N...not b    
e correct.:Strin    
g) [], RemoteExc    
eption
    + FullyQualified 
   ErrorId : Native  
  CommandError
 
 We detected 
multiple lockfiles 
and selected the 
directory of C:\Users
\sharm\package-lock.j
son as the root 
directory.
 To silence this 
warning, set `outputF
ileTracingRoot` in 
your Next.js config, 
or consider removing 
one of the lockfiles 
if it's not needed.
   See https://nextjs
.org/docs/app/api-ref
erence/config/next-co
nfig-js/output#caveat
s for more 
information.
 Detected additional 
lockfiles: 
   * C:\Users\sharm\O
neDrive\Desktop\Rechr
ome - Home_files\port
folio-design-website\
package-lock.json

   Γû▓ Next.js 15.5.6
   - Environments: .env.local

   Creating an optimized production build ...
