.next/types/app/api/auth/[...nextauth]/route.ts(12,13): error TS2344: Type 'OmitWithTag<typeof import("C:/Users/sharm/OneDrive/Desktop/Rechrome - Home_files/portfolio-design-website/app/api/auth/[...nextauth]/route"), "GET" | "POST" | "HEAD" | "OPTIONS" | "PUT" | ... 10 more ... | "maxDuration", "">' does not satisfy the constraint '{ [x: string]: never; }'.
  Property 'authOptions' is incompatible with index signature.
    Type 'AuthOptions' is not assignable to type 'never'.
app/api/auth/login/route.ts(2,47): error TS2307: Cannot find module '@/lib/auth' or its corresponding type declarations.
app/api/auth/logout/route.ts(2,31): error TS2307: Cannot find module '@/lib/auth' or its corresponding type declarations.
